// Jest Snapshot v1, https://goo.gl/fbAQLP

exports[`<NewHobbyPage /> should render and match the snapshot 1`] = `
<div>
  <h1
    class="H1__StyledTitle-tncdg6-0 gvCcIQ"
  >
    New Hobby
  </h1>
  <form
    class="Form__StyledForm-kd3r69-0 gslIqp"
  >
    <input
      aria-label="hobby"
      id="hobby"
      name="hobby"
      placeholder="Enter a new hobby"
      required=""
      value=""
    />
    <button
      class="Button__StyledButton-sc-1fkoyq4-0 fWJPNy"
    >
      Add
    </button>
  </form>
</div>
`;
